WARNING: Mesh 'dash_battery.001' is missing UV maps used by Sollumz shaders: UVMap 0. Please add them to avoid rendering issues in-game.
WARNING: Mesh 'dash_battery_sollumz_medium' is missing UV maps used by Sollumz shaders: UVMap 0. Please add them to avoid rendering issues in-game.
WARNING: Mesh 'dash_battery_sollumz_low' is missing UV maps used by Sollumz shaders: UVMap 0. Please add them to avoid rendering issues in-game.
WARNING: Mesh 'dash_battery_sollumz_verylow' is missing UV maps used by Sollumz shaders: UVMap 0. Please add them to avoid rendering issues in-game.
WARNING: Mesh 'dash_speed.001' is missing UV maps used by Sollumz shaders: UVMap 0. Please add them to avoid rendering issues in-game.
WARNING: Mesh 'dash_speed_sollumz_medium' is missing UV maps used by Sollumz shaders: UVMap 0. Please add them to avoid rendering issues in-game.
WARNING: Mesh 'dash_speed_sollumz_low' is missing UV maps used by Sollumz shaders: UVMap 0. Please add them to avoid rendering issues in-game.
WARNING: Mesh 'dash_speed_sollumz_verylow' is missing UV maps used by Sollumz shaders: UVMap 0. Please add them to avoid rendering issues in-game.
WARNING: Mesh 'dash_speed_units.001' is missing UV maps used by Sollumz shaders: UVMap 0. Please add them to avoid rendering issues in-game.
WARNING: Mesh 'dash_speed_units_sollumz_medium' is missing UV maps used by Sollumz shaders: UVMap 0. Please add them to avoid rendering issues in-game.
WARNING: Mesh 'dash_speed_units_sollumz_low' is missing UV maps used by Sollumz shaders: UVMap 0. Please add them to avoid rendering issues in-game.
WARNING: Mesh 'dash_speed_units_sollumz_verylow' is missing UV maps used by Sollumz shaders: UVMap 0. Please add them to avoid rendering issues in-game.
WARNING: Mesh 'dash_touch_label_1.001' is missing UV maps used by Sollumz shaders: UVMap 0. Please add them to avoid rendering issues in-game.
WARNING: Mesh 'dash_touch_label_1_sollumz_medium' is missing UV maps used by Sollumz shaders: UVMap 0. Please add them to avoid rendering issues in-game.
WARNING: Mesh 'dash_touch_label_1_sollumz_low' is missing UV maps used by Sollumz shaders: UVMap 0. Please add them to avoid rendering issues in-game.
WARNING: Mesh 'dash_touch_label_1_sollumz_verylow' is missing UV maps used by Sollumz shaders: UVMap 0. Please add them to avoid rendering issues in-game.
WARNING: Mesh 'dash_touch_label_2.001' is missing UV maps used by Sollumz shaders: UVMap 0. Please add them to avoid rendering issues in-game.
WARNING: Mesh 'dash_touch_label_2_sollumz_medium' is missing UV maps used by Sollumz shaders: UVMap 0. Please add them to avoid rendering issues in-game.
WARNING: Mesh 'dash_touch_label_2_sollumz_low' is missing UV maps used by Sollumz shaders: UVMap 0. Please add them to avoid rendering issues in-game.
WARNING: Mesh 'dash_touch_label_2_sollumz_verylow' is missing UV maps used by Sollumz shaders: UVMap 0. Please add them to avoid rendering issues in-game.
WARNING: Mesh 'dash_touch_label_3.001' is missing UV maps used by Sollumz shaders: UVMap 0. Please add them to avoid rendering issues in-game.
WARNING: Mesh 'dash_touch_label_3_sollumz_medium' is missing UV maps used by Sollumz shaders: UVMap 0. Please add them to avoid rendering issues in-game.
WARNING: Mesh 'dash_touch_label_3_sollumz_low' is missing UV maps used by Sollumz shaders: UVMap 0. Please add them to avoid rendering issues in-game.
WARNING: Mesh 'dash_touch_label_3_sollumz_verylow' is missing UV maps used by Sollumz shaders: UVMap 0. Please add them to avoid rendering issues in-game.
WARNING: Mesh 'dash_touch_label_4.001' is missing UV maps used by Sollumz shaders: UVMap 0. Please add them to avoid rendering issues in-game.
WARNING: Mesh 'dash_touch_label_4_sollumz_medium' is missing UV maps used by Sollumz shaders: UVMap 0. Please add them to avoid rendering issues in-game.
WARNING: Mesh 'dash_touch_label_4_sollumz_low' is missing UV maps used by Sollumz shaders: UVMap 0. Please add them to avoid rendering issues in-game.
WARNING: Mesh 'dash_touch_label_4_sollumz_verylow' is missing UV maps used by Sollumz shaders: UVMap 0. Please add them to avoid rendering issues in-game.
WARNING: Mesh 'glass_quarter_dside_v011_surface.003' is missing UV maps used by Sollumz shaders: UVMap 2. Please add them to avoid rendering issues in-game.
WARNING: Mesh 'glass_quarter_dside_sollumz_medium' is missing UV maps used by Sollumz shaders: UVMap 2. Please add them to avoid rendering issues in-game.
WARNING: Mesh 'glass_quarter_dside_sollumz_low' is missing UV maps used by Sollumz shaders: UVMap 2. Please add them to avoid rendering issues in-game.
WARNING: Mesh 'glass_quarter_dside_sollumz_verylow' is missing UV maps used by Sollumz shaders: UVMap 2. Please add them to avoid rendering issues in-game.
WARNING: Mesh 'glass_quarter_pside_v011_surface.003' is missing UV maps used by Sollumz shaders: UVMap 2. Please add them to avoid rendering issues in-game.
WARNING: Mesh 'glass_quarter_pside_sollumz_medium' is missing UV maps used by Sollumz shaders: UVMap 2. Please add them to avoid rendering issues in-game.
WARNING: Mesh 'glass_quarter_pside_sollumz_low' is missing UV maps used by Sollumz shaders: UVMap 2. Please add them to avoid rendering issues in-game.
WARNING: Mesh 'glass_quarter_pside_sollumz_verylow' is missing UV maps used by Sollumz shaders: UVMap 2. Please add them to avoid rendering issues in-game.
WARNING: Mesh 'panoramic_glass_greenhouse_v011_surface.002' is missing UV maps used by Sollumz shaders: UVMap 2. Please add them to avoid rendering issues in-game.
WARNING: Mesh 'panoramic_glass_greenhouse_sollumz_medium' is missing UV maps used by Sollumz shaders: UVMap 2. Please add them to avoid rendering issues in-game.
WARNING: Mesh 'panoramic_glass_greenhouse_sollumz_low' is missing UV maps used by Sollumz shaders: UVMap 2. Please add them to avoid rendering issues in-game.
WARNING: Mesh 'panoramic_glass_greenhouse_sollumz_verylow' is missing UV maps used by Sollumz shaders: UVMap 2. Please add them to avoid rendering issues in-game.
WARNING: Mesh 'glass_dside_f_v011_surface.002' is missing UV maps used by Sollumz shaders: UVMap 2. Please add them to avoid rendering issues in-game.
WARNING: Mesh 'window_lf_sollumz_medium' is missing UV maps used by Sollumz shaders: UVMap 2. Please add them to avoid rendering issues in-game.
WARNING: Mesh 'window_lf_sollumz_low' is missing UV maps used by Sollumz shaders: UVMap 2. Please add them to avoid rendering issues in-game.
WARNING: Mesh 'window_lf_sollumz_verylow' is missing UV maps used by Sollumz shaders: UVMap 2. Please add them to avoid rendering issues in-game.
WARNING: Mesh 'glass_pside_f_v011_surface.002' is missing UV maps used by Sollumz shaders: UVMap 2. Please add them to avoid rendering issues in-game.
WARNING: Mesh 'window_rf_sollumz_medium' is missing UV maps used by Sollumz shaders: UVMap 2. Please add them to avoid rendering issues in-game.
WARNING: Mesh 'window_rf_sollumz_low' is missing UV maps used by Sollumz shaders: UVMap 2. Please add them to avoid rendering issues in-game.
WARNING: Mesh 'window_rf_sollumz_verylow' is missing UV maps used by Sollumz shaders: UVMap 2. Please add them to avoid rendering issues in-game.
WARNING: Mesh 'glass_dside_r_v011_surface.002' is missing UV maps used by Sollumz shaders: UVMap 2. Please add them to avoid rendering issues in-game.
WARNING: Mesh 'window_lr_sollumz_medium' is missing UV maps used by Sollumz shaders: UVMap 2. Please add them to avoid rendering issues in-game.
WARNING: Mesh 'window_lr_sollumz_low' is missing UV maps used by Sollumz shaders: UVMap 2. Please add them to avoid rendering issues in-game.
WARNING: Mesh 'window_lr_sollumz_verylow' is missing UV maps used by Sollumz shaders: UVMap 2. Please add them to avoid rendering issues in-game.
WARNING: Mesh 'glass_pside_r_v011_surface.002' is missing UV maps used by Sollumz shaders: UVMap 2. Please add them to avoid rendering issues in-game.
WARNING: Mesh 'window_rr_sollumz_medium' is missing UV maps used by Sollumz shaders: UVMap 2. Please add them to avoid rendering issues in-game.
WARNING: Mesh 'window_rr_sollumz_low' is missing UV maps used by Sollumz shaders: UVMap 2. Please add them to avoid rendering issues in-game.
WARNING: Mesh 'window_rr_sollumz_verylow' is missing UV maps used by Sollumz shaders: UVMap 2. Please add them to avoid rendering issues in-game.
WARNING: Mesh 'windscreen_v011_surface.002' is missing UV maps used by Sollumz shaders: UVMap 2. Please add them to avoid rendering issues in-game.
WARNING: Mesh 'windscreen_sollumz_medium' is missing UV maps used by Sollumz shaders: UVMap 2. Please add them to avoid rendering issues in-game.
WARNING: Mesh 'windscreen_sollumz_low' is missing UV maps used by Sollumz shaders: UVMap 2. Please add them to avoid rendering issues in-game.
WARNING: Mesh 'windscreen_sollumz_verylow' is missing UV maps used by Sollumz shaders: UVMap 2. Please add them to avoid rendering issues in-game.
WARNING: Mesh 'glass_rear_v011_surface.002' is missing UV maps used by Sollumz shaders: UVMap 2. Please add them to avoid rendering issues in-game.
WARNING: Mesh 'windscreen_r_sollumz_medium' is missing UV maps used by Sollumz shaders: UVMap 2. Please add them to avoid rendering issues in-game.
WARNING: Mesh 'windscreen_r_sollumz_low' is missing UV maps used by Sollumz shaders: UVMap 2. Please add them to avoid rendering issues in-game.
WARNING: Mesh 'windscreen_r_sollumz_verylow' is missing UV maps used by Sollumz shaders: UVMap 2. Please add them to avoid rendering issues in-game.
WARNING: Mesh 'glass_dside_f_v011_surface.003' is missing UV maps used by Sollumz shaders: UVMap 2. Please add them to avoid rendering issues in-game.
WARNING: Mesh 'window_lf_sollumz_medium.001' is missing UV maps used by Sollumz shaders: UVMap 2. Please add them to avoid rendering issues in-game.
WARNING: Mesh 'window_lf_sollumz_low.001' is missing UV maps used by Sollumz shaders: UVMap 2. Please add them to avoid rendering issues in-game.
WARNING: Mesh 'window_lf_sollumz_verylow.001' is missing UV maps used by Sollumz shaders: UVMap 2. Please add them to avoid rendering issues in-game.
WARNING: Mesh 'glass_dside_r_v011_surface.003' is missing UV maps used by Sollumz shaders: UVMap 2. Please add them to avoid rendering issues in-game.
WARNING: Mesh 'window_lr_sollumz_medium.001' is missing UV maps used by Sollumz shaders: UVMap 2. Please add them to avoid rendering issues in-game.
WARNING: Mesh 'window_lr_sollumz_low.001' is missing UV maps used by Sollumz shaders: UVMap 2. Please add them to avoid rendering issues in-game.
WARNING: Mesh 'window_lr_sollumz_verylow.001' is missing UV maps used by Sollumz shaders: UVMap 2. Please add them to avoid rendering issues in-game.
WARNING: Mesh 'glass_pside_f_v011_surface.003' is missing UV maps used by Sollumz shaders: UVMap 2. Please add them to avoid rendering issues in-game.
WARNING: Mesh 'window_rf_sollumz_medium.001' is missing UV maps used by Sollumz shaders: UVMap 2. Please add them to avoid rendering issues in-game.
WARNING: Mesh 'window_rf_sollumz_low.001' is missing UV maps used by Sollumz shaders: UVMap 2. Please add them to avoid rendering issues in-game.
WARNING: Mesh 'window_rf_sollumz_verylow.001' is missing UV maps used by Sollumz shaders: UVMap 2. Please add them to avoid rendering issues in-game.
WARNING: Mesh 'glass_pside_r_v011_surface.003' is missing UV maps used by Sollumz shaders: UVMap 2. Please add them to avoid rendering issues in-game.
WARNING: Mesh 'window_rr_sollumz_medium.001' is missing UV maps used by Sollumz shaders: UVMap 2. Please add them to avoid rendering issues in-game.
WARNING: Mesh 'window_rr_sollumz_low.001' is missing UV maps used by Sollumz shaders: UVMap 2. Please add them to avoid rendering issues in-game.
WARNING: Mesh 'window_rr_sollumz_verylow.001' is missing UV maps used by Sollumz shaders: UVMap 2. Please add them to avoid rendering issues in-game.
WARNING: Mesh 'windscreen_v011_surface.003' is missing UV maps used by Sollumz shaders: UVMap 2. Please add them to avoid rendering issues in-game.
WARNING: Mesh 'windscreen_sollumz_medium.001' is missing UV maps used by Sollumz shaders: UVMap 2. Please add them to avoid rendering issues in-game.
WARNING: Mesh 'windscreen_sollumz_low.001' is missing UV maps used by Sollumz shaders: UVMap 2. Please add them to avoid rendering issues in-game.
WARNING: Mesh 'windscreen_sollumz_verylow.001' is missing UV maps used by Sollumz shaders: UVMap 2. Please add them to avoid rendering issues in-game.
WARNING: Mesh 'glass_rear_v011_surface.003' is missing UV maps used by Sollumz shaders: UVMap 2. Please add them to avoid rendering issues in-game.
WARNING: Mesh 'windscreen_r_sollumz_medium.001' is missing UV maps used by Sollumz shaders: UVMap 2. Please add them to avoid rendering issues in-game.
WARNING: Mesh 'windscreen_r_sollumz_low.001' is missing UV maps used by Sollumz shaders: UVMap 2. Please add them to avoid rendering issues in-game.
WARNING: Mesh 'windscreen_r_sollumz_verylow.001' is missing UV maps used by Sollumz shaders: UVMap 2. Please add them to avoid rendering issues in-game.
